==============================================================================
A. Upper tail of shadow e_sym / e_lin, per run and direction
==============================================================================

--- shadow e_sym_random ---
                     p50        p90       pmax  n_over   n
depth run                                                 
12    d12-s10 1.0524e-06 5.1657e-06 3.8697e-05       0  30
      d12-s11 1.1374e-06 3.5068e-06 1.0844e-03       2  30
      d12-s7  8.2742e-07 5.7020e-06 9.2784e-06       0  30
      d12-s8  4.4829e-07 2.2769e-06 1.1352e-05       0  30
      d12-s9  3.8145e-07 2.8870e-06 4.9908e-05       0  30
14    d14-s7  1.2738e-06 3.1327e-05 4.6926e-04       2  32
16    d16-s7  1.8696e-06 1.1482e-05 8.3393e-05       0  33

--- shadow e_sym_gradient ---
                     p50        p90       pmax  n_over   n
depth run                                                 
12    d12-s10 6.3757e-07 7.8104e-06 2.8869e-05       0  30
      d12-s11 3.6849e-07 2.0772e-05 2.8841e-05       0  30
      d12-s7  1.5494e-06 1.8303e-05 2.4666e-05       0  30
      d12-s8  7.7474e-07 5.3194e-06 1.4182e-05       0  30
      d12-s9  8.1306e-07 6.4736e-06 2.2189e-05       0  30
14    d14-s7  8.8136e-07 8.9813e-06 5.2557e-05       0  32
16    d16-s7  7.0381e-07 6.4695e-05 1.3593e-04       2  33

--- shadow e_sym_update ---
                     p50        p90       pmax  n_over   n
depth run                                                 
12    d12-s10 8.3052e-07 4.7464e-06 1.3704e-04       1  30
      d12-s11 8.8769e-07 2.9723e-06 1.7016e-05       0  30
      d12-s7  1.0727e-06 4.6635e-06 1.5152e-05       0  30
      d12-s8  8.3211e-07 5.9799e-06 2.2260e-05       0  30
      d12-s9  6.1256e-07 2.2606e-06 2.0838e-05       0  30
14    d14-s7  1.0922e-06 1.2917e-05 4.2296e-05       0  32
16    d16-s7  9.4544e-07 4.8621e-06 4.7253e-05       0  33

--- shadow e_lin_random ---
                     p50        p90       pmax  n_over   n
depth run                                                 
12    d12-s10 7.7435e-07 8.5683e-07 8.8420e-07       0  30
      d12-s11 7.5578e-07 8.2142e-07 9.3554e-07       0  30
      d12-s7  7.4919e-07 8.1720e-07 8.5736e-07       0  30
      d12-s8  7.7115e-07 8.5260e-07 1.0083e-06       0  30
      d12-s9  7.6661e-07 8.1337e-07 8.3025e-07       0  30
14    d14-s7  7.7508e-07 9.3918e-07 9.5016e-07       0  32
16    d16-s7  8.7172e-07 9.3734e-07 9.9744e-07       0  33

--- shadow e_lin_gradient ---
                     p50        p90       pmax  n_over   n
depth run                                                 
12    d12-s10 4.9454e-07 1.7235e-05 1.9368e-05       0  30
      d12-s11 4.9492e-07 1.7090e-05 1.8855e-05       0  30
      d12-s7  4.9606e-07 1.6978e-05 1.9552e-05       0  30
      d12-s8  5.3154e-07 1.7260e-05 1.9386e-05       0  30
      d12-s9  5.1119e-07 1.7530e-05 1.9529e-05       0  30
14    d14-s7  4.6496e-07 2.2251e-05 3.0070e-05       0  32
16    d16-s7  5.1152e-07 1.8742e-05 2.6469e-05       0  33

--- shadow e_lin_update ---
                     p50        p90       pmax  n_over   n
depth run                                                 
12    d12-s10 7.2484e-07 8.1017e-07 9.0070e-07       0  30
      d12-s11 7.1478e-07 8.4811e-07 9.1517e-07       0  30
      d12-s7  7.2134e-07 8.1051e-07 8.4092e-07       0  30
      d12-s8  7.4466e-07 8.7133e-07 9.1996e-07       0  30
      d12-s9  7.5214e-07 8.0512e-07 8.5455e-07       0  30
14    d14-s7  8.0821e-07 9.2535e-07 1.0281e-06       0  32
16    d16-s7  8.6282e-07 9.9216e-07 1.0696e-06       0  33

==============================================================================
B. Every shadow checkpoint over 1e-4, any family/direction
==============================================================================
    run  depth family direction  step   progress      value
d12-s10     12  e_sym    update   631 2.5040e-01 1.3704e-04
d12-s11     12  e_sym    random  1009 4.0040e-01 1.0844e-03
d12-s11     12  e_sym    random  1890 7.5000e-01 5.3549e-04
 d14-s7     14  e_sym    random  1880 5.0013e-01 1.2018e-04
 d14-s7     14  e_sym    random  3007 7.9995e-01 4.6926e-04
 d16-s7     16  e_sym  gradient     2 3.7202e-04 1.1115e-04
 d16-s7     16  e_sym  gradient     3 5.5804e-04 1.3593e-04

==============================================================================
C. e_sym_gradient by checkpoint rank: is the tail early or late?
==============================================================================
d12-s10  4 largest at steps 2520(p=1.000, 2.89e-05), 2016(p=0.800, 1.36e-05), 2394(p=0.950, 8.75e-06), 2142(p=0.850, 7.71e-06)
d12-s11  4 largest at steps 1(p=0.000, 2.88e-05), 2(p=0.001, 2.76e-05), 3(p=0.001, 2.23e-05), 5(p=0.002, 2.06e-05)
d12-s7   4 largest at steps 1(p=0.000, 2.47e-05), 2(p=0.001, 2.37e-05), 3(p=0.001, 2.10e-05), 2394(p=0.950, 1.80e-05)
d12-s8   4 largest at steps 2(p=0.001, 1.42e-05), 1(p=0.000, 1.22e-05), 3(p=0.001, 1.17e-05), 5(p=0.002, 4.61e-06)
d12-s9   4 largest at steps 5(p=0.002, 2.22e-05), 1(p=0.000, 9.68e-06), 3(p=0.001, 8.54e-06), 631(p=0.250, 6.24e-06)
d14-s7   4 largest at steps 129(p=0.034, 5.26e-05), 41(p=0.011, 1.31e-05), 5(p=0.001, 1.26e-05), 3(p=0.001, 9.16e-06)
d16-s7   4 largest at steps 3(p=0.001, 1.36e-04), 2(p=0.000, 1.11e-04), 5(p=0.001, 9.01e-05), 1(p=0.000, 7.50e-05)

==============================================================================
D. Restricted to the first 8 deep checkpoints (what a SHORT run sees)
==============================================================================
shadow e_sym_random:
             p50       pmax  n_over   n
depth                                  
12    7.7224e-07 4.9908e-05       0  40
14    3.6879e-07 7.0225e-06       0   8
16    9.3328e-07 7.8228e-06       0   8
shadow e_sym_gradient:
             p50       pmax  n_over   n
depth                                  
12    4.1658e-06 2.8841e-05       0  40
14    7.2530e-06 1.3064e-05       0   8
16    4.1671e-05 1.3593e-04       2   8
shadow e_sym_update:
             p50       pmax  n_over   n
depth                                  
12    5.3936e-07 2.0838e-05       0  40
14    1.1884e-07 8.4135e-07       0   8
16    4.5027e-07 1.3661e-06       0   8
shadow e_lin_random:
             p50       pmax  n_over   n
depth                                  
12    6.8477e-07 8.2668e-07       0  40
14    8.0132e-07 9.4748e-07       0   8
16    7.7880e-07 9.1604e-07       0   8
shadow e_lin_gradient:
             p50       pmax  n_over   n
depth                                  
12    1.0810e-05 1.9552e-05       0  40
14    1.2831e-05 3.0070e-05       0   8
16    1.1969e-05 2.6469e-05       0   8
shadow e_lin_update:
             p50       pmax  n_over   n
depth                                  
12    6.0736e-07 7.7273e-07       0  40
14    6.7325e-07 8.1619e-07       0   8
16    6.6813e-07 8.3435e-07       0   8

==============================================================================
E. Checkpoint-level worst-over-directions e_sym (what the verdict uses)
==============================================================================
                     p50        p90       pmax  n_over   n
depth run                                                 
12    d12-s10 3.0414e-06 2.1134e-05 1.3704e-04       1  30
      d12-s11 2.2982e-06 2.7753e-05 1.0844e-03       2  30
      d12-s7  3.7775e-06 1.8303e-05 2.4666e-05       0  30
      d12-s8  1.7795e-06 1.2386e-05 2.2260e-05       0  30
      d12-s9  1.3748e-06 8.6547e-06 4.9908e-05       0  30
14    d14-s7  8.4256e-06 5.1531e-05 4.6926e-04       2  32
16    d16-s7  6.8871e-06 8.1723e-05 1.3593e-04       2  33

==============================================================================
F. Fraction of checkpoints where the gradient direction PASSED
==============================================================================
               sum  size      mean
depth run                         
12    d12-s10   26    30  0.866667
      d12-s11   26    30  0.866667
      d12-s7    26    30  0.866667
      d12-s8    26    30  0.866667
      d12-s9    25    30  0.833333
14    d14-s7    28    32  0.875000
16    d16-s7    29    33  0.878788

failing gradient checkpoints (verdict != passed), with e_sym:
    run  depth  step   progress  value_verdict  value_esym
d12-s10     12     1 3.9683e-04     1.0000e+00  3.9902e-06
d12-s10     12     2 7.9365e-04     1.0000e+00  4.3414e-06
d12-s10     12     3 1.1905e-03     1.0000e+00  4.6761e-06
d12-s10     12     5 1.9841e-03     1.0000e+00  1.6924e-06
d12-s11     12     1 3.9683e-04     1.0000e+00  2.8841e-05
d12-s11     12     2 7.9365e-04     1.0000e+00  2.7632e-05
d12-s11     12     3 1.1905e-03     1.0000e+00  2.2305e-05
d12-s11     12     5 1.9841e-03     1.0000e+00  2.0602e-05
 d12-s7     12     1 3.9683e-04     1.0000e+00  2.4666e-05
 d12-s7     12     2 7.9365e-04     1.0000e+00  2.3702e-05
 d12-s7     12     3 1.1905e-03     1.0000e+00  2.0959e-05
 d12-s7     12     5 1.9841e-03     1.0000e+00  1.6729e-05
 d12-s8     12     1 3.9683e-04     1.0000e+00  1.2187e-05
 d12-s8     12     2 7.9365e-04     1.0000e+00  1.4182e-05
 d12-s8     12     3 1.1905e-03     1.0000e+00  1.1667e-05
 d12-s8     12     5 1.9841e-03     1.0000e+00  4.6141e-06
 d12-s9     12     1 3.9683e-04     1.0000e+00  9.6783e-06
 d12-s9     12     2 7.9365e-04     1.0000e+00  5.5598e-06
 d12-s9     12     3 1.1905e-03     1.0000e+00  8.5409e-06
 d12-s9     12     5 1.9841e-03     1.0000e+00  2.2189e-05
 d12-s9     12     9 3.5714e-03     1.0000e+00  1.3030e-07
 d14-s7     14     1 2.6603e-04     1.0000e+00  7.4073e-06
 d14-s7     14     2 5.3206e-04     1.0000e+00  7.0987e-06
 d14-s7     14     3 7.9808e-04     1.0000e+00  9.1561e-06
 d14-s7     14     5 1.3301e-03     1.0000e+00  1.2586e-05
 d16-s7     16     1 1.8601e-04     1.0000e+00  7.5042e-05
 d16-s7     16     2 3.7202e-04     2.0000e+00  1.1115e-04
 d16-s7     16     3 5.5804e-04     2.0000e+00  1.3593e-04
 d16-s7     16     5 9.3006e-04     1.0000e+00  9.0077e-05
